[32m2026-06-12 19:02:35[0m | [1mINFO    [0m | [36mengine.adapters.factory[0m:[36mget_adapter[0m:[36m63[0m | [1madapter created: LASR → USStockAdapter[0m
[32m2026-06-12 19:02:36[0m | [1mINFO    [0m | [36mengine.market.context[0m:[36mbuild_market_history[0m:[36m683[0m | [1mmarket_history cache: 1760 rows[0m
[32m2026-06-12 19:02:36[0m | [1mINFO    [0m | [36mengine.market.context[0m:[36m_merge_v2_events[0m:[36m774[0m | [1mv2 이벤트 컬럼 18개 머지 완료[0m
RUN_REVERSE_START {"ticker": "LASR", "seed": 21264911, "population": 100, "generations": 40, "train": ["2020-05-12", "2025-05-31"]}
[32m2026-06-12 19:03:20[0m | [1mINFO    [0m | [36mengine.learning.genetic[0m:[36mrun_ga[0m:[36m258[0m | [1mGen  1: best=80.313, avg=-89.236[0m
[32m2026-06-12 19:03:55[0m | [1mINFO    [0m | [36mengine.learning.genetic[0m:[36mrun_ga[0m:[36m258[0m | [1mGen  2: best=110.567, avg=-54.756[0m
[32m2026-06-12 19:04:32[0m | [1mINFO    [0m | [36mengine.learning.genetic[0m:[36mrun_ga[0m:[36m258[0m | [1mGen  3: best=120.912, avg=-41.244[0m
[32m2026-06-12 19:05:08[0m | [1mINFO    [0m | [36mengine.learning.genetic[0m:[36mrun_ga[0m:[36m258[0m | [1mGen  4: best=120.912, avg=-22.192[0m
[32m2026-06-12 19:05:44[0m | [1mINFO    [0m | [36mengine.learning.genetic[0m:[36mrun_ga[0m:[36m258[0m | [1mGen  5: best=135.043, avg=11.567[0m
[32m2026-06-12 19:06:20[0m | [1mINFO    [0m | [36mengine.learning.genetic[0m:[36mrun_ga[0m:[36m258[0m | [1mGen  6: best=142.501, avg=20.409[0m
[32m2026-06-12 19:06:57[0m | [1mINFO    [0m | [36mengine.learning.genetic[0m:[36mrun_ga[0m:[36m258[0m | [1mGen  7: best=148.870, avg=39.119[0m
[32m2026-06-12 19:07:32[0m | [1mINFO    [0m | [36mengine.learning.genetic[0m:[36mrun_ga[0m:[36m258[0m | [1mGen  8: best=148.870, avg=50.807[0m
[32m2026-06-12 19:08:09[0m | [1mINFO    [0m | [36mengine.learning.genetic[0m:[36mrun_ga[0m:[36m258[0m | [1mGen  9: best=149.143, avg=57.743[0m
[32m2026-06-12 19:08:45[0m | [1mINFO    [0m | [36mengine.learning.genetic[0m:[36mrun_ga[0m:[36m258[0m | [1mGen 10: best=149.970, avg=48.779[0m
[32m2026-06-12 19:09:22[0m | [1mINFO    [0m | [36mengine.learning.genetic[0m:[36mrun_ga[0m:[36m258[0m | [1mGen 11: best=150.506, avg=64.891[0m
[32m2026-06-12 19:09:58[0m | [1mINFO    [0m | [36mengine.learning.genetic[0m:[36mrun_ga[0m:[36m258[0m | [1mGen 12: best=150.506, avg=47.212[0m
[32m2026-06-12 19:10:35[0m | [1mINFO    [0m | [36mengine.learning.genetic[0m:[36mrun_ga[0m:[36m258[0m | [1mGen 13: best=150.506, avg=53.286[0m
[32m2026-06-12 19:11:12[0m | [1mINFO    [0m | [36mengine.learning.genetic[0m:[36mrun_ga[0m:[36m258[0m | [1mGen 14: best=152.424, avg=72.094[0m
[32m2026-06-12 19:11:49[0m | [1mINFO    [0m | [36mengine.learning.genetic[0m:[36mrun_ga[0m:[36m258[0m | [1mGen 15: best=152.424, avg=75.902[0m
[32m2026-06-12 19:12:26[0m | [1mINFO    [0m | [36mengine.learning.genetic[0m:[36mrun_ga[0m:[36m258[0m | [1mGen 16: best=152.469, avg=83.330[0m
[32m2026-06-12 19:13:04[0m | [1mINFO    [0m | [36mengine.learning.genetic[0m:[36mrun_ga[0m:[36m258[0m | [1mGen 17: best=152.469, avg=89.594[0m
[32m2026-06-12 19:13:42[0m | [1mINFO    [0m | [36mengine.learning.genetic[0m:[36mrun_ga[0m:[36m258[0m | [1mGen 18: best=152.469, avg=88.288[0m
[32m2026-06-12 19:14:19[0m | [1mINFO    [0m | [36mengine.learning.genetic[0m:[36mrun_ga[0m:[36m258[0m | [1mGen 19: best=152.469, avg=86.803[0m
[32m2026-06-12 19:14:56[0m | [1mINFO    [0m | [36mengine.learning.genetic[0m:[36mrun_ga[0m:[36m258[0m | [1mGen 20: best=152.469, avg=97.612[0m
[32m2026-06-12 19:15:32[0m | [1mINFO    [0m | [36mengine.learning.genetic[0m:[36mrun_ga[0m:[36m258[0m | [1mGen 21: best=152.469, avg=91.222[0m
[32m2026-06-12 19:16:09[0m | [1mINFO    [0m | [36mengine.learning.genetic[0m:[36mrun_ga[0m:[36m258[0m | [1mGen 22: best=152.469, avg=102.669[0m
[32m2026-06-12 19:16:47[0m | [1mINFO    [0m | [36mengine.learning.genetic[0m:[36mrun_ga[0m:[36m258[0m | [1mGen 23: best=152.469, avg=101.734[0m
[32m2026-06-12 19:17:23[0m | [1mINFO    [0m | [36mengine.learning.genetic[0m:[36mrun_ga[0m:[36m258[0m | [1mGen 24: best=152.945, avg=104.389[0m
[32m2026-06-12 19:18:00[0m | [1mINFO    [0m | [36mengine.learning.genetic[0m:[36mrun_ga[0m:[36m258[0m | [1mGen 25: best=152.945, avg=94.882[0m
[32m2026-06-12 19:18:37[0m | [1mINFO    [0m | [36mengine.learning.genetic[0m:[36mrun_ga[0m:[36m258[0m | [1mGen 26: best=152.945, avg=102.494[0m
[32m2026-06-12 19:19:14[0m | [1mINFO    [0m | [36mengine.learning.genetic[0m:[36mrun_ga[0m:[36m258[0m | [1mGen 27: best=152.945, avg=94.015[0m
[32m2026-06-12 19:19:51[0m | [1mINFO    [0m | [36mengine.learning.genetic[0m:[36mrun_ga[0m:[36m258[0m | [1mGen 28: best=152.945, avg=98.320[0m
[32m2026-06-12 19:20:29[0m | [1mINFO    [0m | [36mengine.learning.genetic[0m:[36mrun_ga[0m:[36m258[0m | [1mGen 29: best=152.945, avg=94.146[0m
[32m2026-06-12 19:21:06[0m | [1mINFO    [0m | [36mengine.learning.genetic[0m:[36mrun_ga[0m:[36m258[0m | [1mGen 30: best=153.010, avg=95.707[0m
[32m2026-06-12 19:21:45[0m | [1mINFO    [0m | [36mengine.learning.genetic[0m:[36mrun_ga[0m:[36m258[0m | [1mGen 31: best=153.010, avg=93.966[0m
[32m2026-06-12 19:22:23[0m | [1mINFO    [0m | [36mengine.learning.genetic[0m:[36mrun_ga[0m:[36m258[0m | [1mGen 32: best=153.010, avg=85.670[0m
[32m2026-06-12 19:23:00[0m | [1mINFO    [0m | [36mengine.learning.genetic[0m:[36mrun_ga[0m:[36m258[0m | [1mGen 33: best=153.010, avg=85.682[0m
[32m2026-06-12 19:23:37[0m | [1mINFO    [0m | [36mengine.learning.genetic[0m:[36mrun_ga[0m:[36m258[0m | [1mGen 34: best=153.010, avg=90.568[0m
[32m2026-06-12 19:24:15[0m | [1mINFO    [0m | [36mengine.learning.genetic[0m:[36mrun_ga[0m:[36m258[0m | [1mGen 35: best=153.069, avg=94.857[0m
[32m2026-06-12 19:24:52[0m | [1mINFO    [0m | [36mengine.learning.genetic[0m:[36mrun_ga[0m:[36m258[0m | [1mGen 36: best=153.069, avg=97.539[0m
[32m2026-06-12 19:25:28[0m | [1mINFO    [0m | [36mengine.learning.genetic[0m:[36mrun_ga[0m:[36m258[0m | [1mGen 37: best=153.069, avg=86.941[0m
[32m2026-06-12 19:26:05[0m | [1mINFO    [0m | [36mengine.learning.genetic[0m:[36mrun_ga[0m:[36m258[0m | [1mGen 38: best=153.069, avg=88.339[0m
[32m2026-06-12 19:26:42[0m | [1mINFO    [0m | [36mengine.learning.genetic[0m:[36mrun_ga[0m:[36m258[0m | [1mGen 39: best=153.069, avg=77.052[0m
[32m2026-06-12 19:27:19[0m | [1mINFO    [0m | [36mengine.learning.genetic[0m:[36mrun_ga[0m:[36m258[0m | [1mGen 40: best=153.069, avg=90.355[0m
RUN_REVERSE_GA_DONE {"seconds": 1519.607, "candidates": 100, "best_train_fitness": 153.06925930969476}
RUN_REVERSE_EVAL 2022
RUN_REVERSE_EVAL 2023
RUN_REVERSE_EVAL 2024
RUN_REVERSE_EVAL 2025H2
RUN_REVERSE_RESULT {"out": "exp_lasr_reverse_20260612_1856", "candidate_count": 100, "pass_2022": 80, "general3": 0, "stress_pass": 91, "all4": 0, "general_pass_dist": {"0": 15, "1": 77, "2": 8}, "total_seconds": 1567.754}
